// Jest Snapshot v1, https://goo.gl/fbAQLP

exports[`test for AddCategory should render the component properly 1`] = `
<form
  onSubmit={[Function]}
>
  <input
    onChange={[Function]}
    placeholder="Add category"
    type="text"
    value=""
  />
</form>
`;
